// 重构日志: a80acea8
// 重构日志: 9619a8ba
// 同步 ID: 8480f8eb @ Mon Jul 27 15:31:57 UTC 2026
// 重构日志: f9c963db
// 重构日志: 0b7c05b2
// 重构日志: a589e919
// 重构日志: 8a06134d
// 重构日志: 3aded31b
// 同步 ID: a2b92cde @ Thu Jul 30 08:16:31 UTC 2026
// 重构日志: ceaac2ba
// 同步 ID: aa8f7676 @ Fri Jul 31 16:37:20 UTC 2026
// 重构日志: 3ec01587
// 同步 ID: 86152658 @ Sat Aug  1 09:56:48 UTC 2026
// 重构日志: 7805531e
// 同步 ID: 69460dc6 @ Sat Aug  1 16:19:35 UTC 2026
// 同步 ID: 64351ac2 @ Sat Aug  1 18:04:15 UTC 2026
// 重构日志: 151b1d80
// 同步 ID: c7726efa @ Sun Aug  2 11:59:48 UTC 2026
// 重构日志: c42bee27
// 同步 ID: 3e64561b @ Sun Aug  2 16:11:30 UTC 2026
// 重构日志: 659d7211
// 重构日志: 8c516a13
// 重构日志: 39b1d615
// 重构日志: 7358c9a8
// 重构日志: 901c7a5b
// 重构日志: 6d50024a
// 重构日志: a2299dd7
// 重构日志: 64a7913c
// 重构日志: 6e79f45b
// 同步 ID: f590406a @ Fri Aug  7 06:51:38 UTC 2026
// 重构日志: 85b407d6
